---
source: metrique-macro/src/lib.rs
expression: parsed_file
---
struct RequestMetrics {
    operation: &'static str,
    number_of_ducks: usize,
}
#[doc(hidden)]
#[allow(clippy::type_complexity)]
pub struct RequestMetricsEntry {
    #[deprecated(
        note = "these fields will become private in a future release. To introspect an entry, use `metrique::writer::test_util::test_entry`"
    )]
    #[doc(hidden)]
    operation: <&'static str as metrique::CloseValue>::Closed,
    #[deprecated(
        note = "these fields will become private in a future release. To introspect an entry, use `metrique::writer::test_util::test_entry`"
    )]
    #[doc(hidden)]
    number_of_ducks: <usize as metrique::CloseValue>::Closed,
}
const _: () = {
    impl RequestMetricsEntry {
        #[doc(hidden)]
        #[inline(always)]
        fn __metrique_descriptor(
            __style: u8,
        ) -> &'static ::metrique::writer::core::EntryDescriptor {
            static __METRIQUE_TAGS_0: [::metrique::writer::core::FieldTag; 0usize] = [];
            static __METRIQUE_TAGS_1: [::metrique::writer::core::FieldTag; 0usize] = [];
            match __style {
                ::metrique::STYLE_PRESERVE => {
                    static __METRIQUE_FIELDS_PRESERVE: [::metrique::writer::core::FieldDescriptor; 2usize] = [
                        ::metrique::writer::core::FieldDescriptor::__metrique_private_new(
                            "API@operation",
                            &__METRIQUE_TAGS_0,
                            ::metrique::writer::core::FieldShape::Opaque,
                            None,
                        ),
                        ::metrique::writer::core::FieldDescriptor::__metrique_private_new(
                            "API@number_of_ducks",
                            &__METRIQUE_TAGS_1,
                            ::metrique::writer::core::FieldShape::Opaque,
                            None,
                        ),
                    ];
                    static __METRIQUE_DESC_PRESERVE: ::metrique::writer::core::EntryDescriptor = ::metrique::writer::core::EntryDescriptor::__metrique_private_new(
                        "RequestMetrics",
                        &__METRIQUE_FIELDS_PRESERVE,
                        None,
                    );
                    &__METRIQUE_DESC_PRESERVE
                }
                ::metrique::STYLE_PASCAL => {
                    static __METRIQUE_FIELDS_PASCAL: [::metrique::writer::core::FieldDescriptor; 2usize] = [
                        ::metrique::writer::core::FieldDescriptor::__metrique_private_new(
                            "API@Operation",
                            &__METRIQUE_TAGS_0,
                            ::metrique::writer::core::FieldShape::Opaque,
                            None,
                        ),
                        ::metrique::writer::core::FieldDescriptor::__metrique_private_new(
                            "API@NumberOfDucks",
                            &__METRIQUE_TAGS_1,
                            ::metrique::writer::core::FieldShape::Opaque,
                            None,
                        ),
                    ];
                    static __METRIQUE_DESC_PASCAL: ::metrique::writer::core::EntryDescriptor = ::metrique::writer::core::EntryDescriptor::__metrique_private_new(
                        "RequestMetrics",
                        &__METRIQUE_FIELDS_PASCAL,
                        None,
                    );
                    &__METRIQUE_DESC_PASCAL
                }
                ::metrique::STYLE_SNAKE => {
                    static __METRIQUE_FIELDS_SNAKE: [::metrique::writer::core::FieldDescriptor; 2usize] = [
                        ::metrique::writer::core::FieldDescriptor::__metrique_private_new(
                            "API@operation",
                            &__METRIQUE_TAGS_0,
                            ::metrique::writer::core::FieldShape::Opaque,
                            None,
                        ),
                        ::metrique::writer::core::FieldDescriptor::__metrique_private_new(
                            "API@number_of_ducks",
                            &__METRIQUE_TAGS_1,
                            ::metrique::writer::core::FieldShape::Opaque,
                            None,
                        ),
                    ];
                    static __METRIQUE_DESC_SNAKE: ::metrique::writer::core::EntryDescriptor = ::metrique::writer::core::EntryDescriptor::__metrique_private_new(
                        "RequestMetrics",
                        &__METRIQUE_FIELDS_SNAKE,
                        None,
                    );
                    &__METRIQUE_DESC_SNAKE
                }
                ::metrique::STYLE_KEBAB => {
                    static __METRIQUE_FIELDS_KEBAB: [::metrique::writer::core::FieldDescriptor; 2usize] = [
                        ::metrique::writer::core::FieldDescriptor::__metrique_private_new(
                            "API@operation",
                            &__METRIQUE_TAGS_0,
                            ::metrique::writer::core::FieldShape::Opaque,
                            None,
                        ),
                        ::metrique::writer::core::FieldDescriptor::__metrique_private_new(
                            "API@number-of-ducks",
                            &__METRIQUE_TAGS_1,
                            ::metrique::writer::core::FieldShape::Opaque,
                            None,
                        ),
                    ];
                    static __METRIQUE_DESC_KEBAB: ::metrique::writer::core::EntryDescriptor = ::metrique::writer::core::EntryDescriptor::__metrique_private_new(
                        "RequestMetrics",
                        &__METRIQUE_FIELDS_KEBAB,
                        None,
                    );
                    &__METRIQUE_DESC_KEBAB
                }
                _ => unreachable!("unknown descriptor style index"),
            }
        }
    }
    #[expect(deprecated)]
    impl<NS: ::metrique::NameStyle> ::metrique::InflectableEntry<NS>
    for RequestMetricsEntry {
        fn write<'__metrique_write>(
            &'__metrique_write self,
            writer: &mut impl ::metrique::writer::EntryWriter<'__metrique_write>,
        ) {
            let __metrique_self = self;
            ::metrique::writer::EntryWriter::value(
                writer,
                {
                    struct ApiOperationPreserve;
                    impl ::metrique::concat::ConstStr for ApiOperationPreserve {
                        const VAL: &'static str = "API@operation";
                    }
                    struct ApiOperationKebab;
                    impl ::metrique::concat::ConstStr for ApiOperationKebab {
                        const VAL: &'static str = "API@operation";
                    }
                    struct ApiOperationPascal;
                    impl ::metrique::concat::ConstStr for ApiOperationPascal {
                        const VAL: &'static str = "API@Operation";
                    }
                    struct ApiOperationSnake;
                    impl ::metrique::concat::ConstStr for ApiOperationSnake {
                        const VAL: &'static str = "API@operation";
                    }
                    ::metrique::concat::const_str_value::<
                        <NS as ::metrique::NameStyle>::Inflect<
                            ApiOperationPreserve,
                            ApiOperationPascal,
                            ApiOperationSnake,
                            ApiOperationKebab,
                        >,
                    >()
                },
                &__metrique_self.operation,
            );
            ::metrique::writer::EntryWriter::value(
                writer,
                {
                    struct ApiNumberOfDucksPreserve;
                    impl ::metrique::concat::ConstStr for ApiNumberOfDucksPreserve {
                        const VAL: &'static str = "API@number_of_ducks";
                    }
                    struct ApiNumberOfDucksKebab;
                    impl ::metrique::concat::ConstStr for ApiNumberOfDucksKebab {
                        const VAL: &'static str = "API@number-of-ducks";
                    }
                    struct ApiNumberOfDucksPascal;
                    impl ::metrique::concat::ConstStr for ApiNumberOfDucksPascal {
                        const VAL: &'static str = "API@NumberOfDucks";
                    }
                    struct ApiNumberOfDucksSnake;
                    impl ::metrique::concat::ConstStr for ApiNumberOfDucksSnake {
                        const VAL: &'static str = "API@number_of_ducks";
                    }
                    ::metrique::concat::const_str_value::<
                        <NS as ::metrique::NameStyle>::Inflect<
                            ApiNumberOfDucksPreserve,
                            ApiNumberOfDucksPascal,
                            ApiNumberOfDucksSnake,
                            ApiNumberOfDucksKebab,
                        >,
                    >()
                },
                &__metrique_self.number_of_ducks,
            );
        }
        fn sample_group(
            &self,
        ) -> impl ::std::iter::Iterator<
            Item = (::std::borrow::Cow<'static, str>, ::std::borrow::Cow<'static, str>),
        > {
            let __metrique_self = self;
            ::std::iter::empty()
        }
        fn descriptors(
            &self,
        ) -> impl ::std::iter::Iterator<
            Item = ::metrique::writer::core::DescriptorRef<'_>,
        > {
            ::std::iter::once(
                ::metrique::writer::core::DescriptorRef::from_static(
                    RequestMetricsEntry::__metrique_descriptor(
                        ::metrique::STYLE_PRESERVE,
                    ),
                ),
            )
        }
    }
};
impl metrique::CloseValue for RequestMetrics {
    type Closed = RequestMetricsEntry;
    fn close(self) -> Self::Closed {
        macro_rules! __metrique_self_expr {
            () => {
                self
            };
        }
        #[allow(deprecated)]
        RequestMetricsEntry {
            operation: metrique::CloseValue::close(__metrique_self_expr!().operation),
            number_of_ducks: metrique::CloseValue::close(
                __metrique_self_expr!().number_of_ducks,
            ),
        }
    }
}
#[doc = concat!(
    "Metrics guard returned from [`", "RequestMetrics",
    "::append_on_drop`], closes the entry and appends the metrics to a sink when dropped."
)]
type RequestMetricsGuard<Q = ::metrique::DefaultSink> = ::metrique::AppendAndCloseOnDrop<
    RequestMetrics,
    Q,
>;
#[doc = concat!(
    "Metrics handle returned from [`", "RequestMetricsGuard",
    "::handle`], similar to an `Arc<", "RequestMetricsGuard", ">`."
)]
type RequestMetricsHandle<Q = ::metrique::DefaultSink> = ::metrique::AppendAndCloseOnDropHandle<
    RequestMetrics,
    Q,
>;
impl RequestMetrics {
    ///Creates an AppendAndCloseOnDrop that will be automatically appended to `sink` on drop.
    fn append_on_drop<
        Q: ::metrique::writer::EntrySink<::metrique::RootEntry<RequestMetricsEntry>>
            + Send + Sync + 'static,
    >(self, sink: Q) -> RequestMetricsGuard<Q> {
        ::metrique::append_and_close(self, sink)
    }
}
