---
source: metrique-macro/src/lib.rs
expression: parsed_file
---
struct NestedMetrics {
    counter: u32,
}
#[doc(hidden)]
#[allow(clippy::type_complexity)]
pub struct NestedMetricsEntry {
    #[deprecated(
        note = "these fields will become private in a future release. To introspect an entry, use `metrique::writer::test_util::test_entry`"
    )]
    #[doc(hidden)]
    counter: <u32 as metrique::CloseValue>::Closed,
}
const _: () = {
    impl NestedMetricsEntry {
        #[doc(hidden)]
        #[inline(always)]
        fn __metrique_descriptor(
            __style: u8,
        ) -> &'static ::metrique::writer::core::EntryDescriptor {
            static __METRIQUE_TAGS_0: [::metrique::writer::core::FieldTag; 0usize] = [];
            match __style {
                ::metrique::STYLE_PRESERVE => {
                    static __METRIQUE_FIELDS_PRESERVE: [::metrique::writer::core::FieldDescriptor; 1usize] = [
                        ::metrique::writer::core::FieldDescriptor::__metrique_private_new(
                            "counter",
                            &__METRIQUE_TAGS_0,
                            ::metrique::writer::core::FieldShape::Opaque,
                            None,
                        ),
                    ];
                    static __METRIQUE_DESC_PRESERVE: ::metrique::writer::core::EntryDescriptor = ::metrique::writer::core::EntryDescriptor::__metrique_private_new(
                        "NestedMetrics",
                        &__METRIQUE_FIELDS_PRESERVE,
                        None,
                    );
                    &__METRIQUE_DESC_PRESERVE
                }
                ::metrique::STYLE_PASCAL => {
                    static __METRIQUE_FIELDS_PASCAL: [::metrique::writer::core::FieldDescriptor; 1usize] = [
                        ::metrique::writer::core::FieldDescriptor::__metrique_private_new(
                            "Counter",
                            &__METRIQUE_TAGS_0,
                            ::metrique::writer::core::FieldShape::Opaque,
                            None,
                        ),
                    ];
                    static __METRIQUE_DESC_PASCAL: ::metrique::writer::core::EntryDescriptor = ::metrique::writer::core::EntryDescriptor::__metrique_private_new(
                        "NestedMetrics",
                        &__METRIQUE_FIELDS_PASCAL,
                        None,
                    );
                    &__METRIQUE_DESC_PASCAL
                }
                ::metrique::STYLE_SNAKE => {
                    static __METRIQUE_FIELDS_SNAKE: [::metrique::writer::core::FieldDescriptor; 1usize] = [
                        ::metrique::writer::core::FieldDescriptor::__metrique_private_new(
                            "counter",
                            &__METRIQUE_TAGS_0,
                            ::metrique::writer::core::FieldShape::Opaque,
                            None,
                        ),
                    ];
                    static __METRIQUE_DESC_SNAKE: ::metrique::writer::core::EntryDescriptor = ::metrique::writer::core::EntryDescriptor::__metrique_private_new(
                        "NestedMetrics",
                        &__METRIQUE_FIELDS_SNAKE,
                        None,
                    );
                    &__METRIQUE_DESC_SNAKE
                }
                ::metrique::STYLE_KEBAB => {
                    static __METRIQUE_FIELDS_KEBAB: [::metrique::writer::core::FieldDescriptor; 1usize] = [
                        ::metrique::writer::core::FieldDescriptor::__metrique_private_new(
                            "counter",
                            &__METRIQUE_TAGS_0,
                            ::metrique::writer::core::FieldShape::Opaque,
                            None,
                        ),
                    ];
                    static __METRIQUE_DESC_KEBAB: ::metrique::writer::core::EntryDescriptor = ::metrique::writer::core::EntryDescriptor::__metrique_private_new(
                        "NestedMetrics",
                        &__METRIQUE_FIELDS_KEBAB,
                        None,
                    );
                    &__METRIQUE_DESC_KEBAB
                }
                _ => unreachable!("unknown descriptor style index"),
            }
        }
    }
    #[expect(deprecated)]
    impl<NS: ::metrique::NameStyle> ::metrique::InflectableEntry<NS>
    for NestedMetricsEntry {
        fn write<'__metrique_write>(
            &'__metrique_write self,
            writer: &mut impl ::metrique::writer::EntryWriter<'__metrique_write>,
        ) {
            let __metrique_self = self;
            ::metrique::writer::EntryWriter::value(
                writer,
                {
                    struct CounterPreserve;
                    impl ::metrique::concat::ConstStr for CounterPreserve {
                        const VAL: &'static str = "counter";
                    }
                    struct CounterKebab;
                    impl ::metrique::concat::ConstStr for CounterKebab {
                        const VAL: &'static str = "counter";
                    }
                    struct CounterPascal;
                    impl ::metrique::concat::ConstStr for CounterPascal {
                        const VAL: &'static str = "Counter";
                    }
                    struct CounterSnake;
                    impl ::metrique::concat::ConstStr for CounterSnake {
                        const VAL: &'static str = "counter";
                    }
                    ::metrique::concat::const_str_value::<
                        <NS as ::metrique::NameStyle>::Inflect<
                            CounterPreserve,
                            CounterPascal,
                            CounterSnake,
                            CounterKebab,
                        >,
                    >()
                },
                &__metrique_self.counter,
            );
        }
        fn sample_group(
            &self,
        ) -> impl ::std::iter::Iterator<
            Item = (::std::borrow::Cow<'static, str>, ::std::borrow::Cow<'static, str>),
        > {
            let __metrique_self = self;
            ::std::iter::empty()
        }
        fn descriptors(
            &self,
        ) -> impl ::std::iter::Iterator<
            Item = ::metrique::writer::core::DescriptorRef<'_>,
        > {
            ::std::iter::once(
                ::metrique::writer::core::DescriptorRef::from_static(
                    NestedMetricsEntry::__metrique_descriptor(::metrique::STYLE_PRESERVE),
                ),
            )
        }
    }
};
impl metrique::CloseValue for &'_ NestedMetrics {
    type Closed = NestedMetricsEntry;
    fn close(self) -> Self::Closed {
        macro_rules! __metrique_self_expr {
            () => {
                self
            };
        }
        #[allow(deprecated)]
        NestedMetricsEntry {
            counter: metrique::CloseValue::close(&__metrique_self_expr!().counter),
        }
    }
}
impl metrique::CloseValue for NestedMetrics {
    type Closed = NestedMetricsEntry;
    fn close(self) -> Self::Closed {
        <&Self>::close(&self)
    }
}
