---
source: metrique-macro/src/lib.rs
expression: parsed_file
---
enum Operation {
    Read,
    Write,
}
#[doc(hidden)]
#[derive(Debug, Clone, Copy)]
pub enum OperationValue {
    #[deprecated(
        note = "these fields will become private in a future release. To introspect an entry, use `metrique::writer::test_util::test_entry`"
    )]
    #[doc(hidden)]
    Read,
    #[deprecated(
        note = "these fields will become private in a future release. To introspect an entry, use `metrique::writer::test_util::test_entry`"
    )]
    #[doc(hidden)]
    Write,
}
impl ::std::convert::From<&'_ OperationValue> for &'static str {
    fn from(value: &OperationValue) -> Self {
        #[allow(deprecated)]
        match value {
            OperationValue::Read => "Read",
            OperationValue::Write => "Write",
        }
    }
}
impl ::std::convert::From<OperationValue> for &'static str {
    fn from(value: OperationValue) -> Self {
        <&str as ::std::convert::From<&_>>::from(&value)
    }
}
impl ::metrique::writer::core::SampleGroup for OperationValue {
    fn as_sample_group(&self) -> ::std::borrow::Cow<'static, str> {
        ::std::borrow::Cow::Borrowed(::std::convert::Into::<&str>::into(self))
    }
}
impl ::metrique::writer::Value for OperationValue {
    fn write(&self, writer: impl ::metrique::writer::ValueWriter) {
        writer.string(::std::convert::Into::<&str>::into(self));
    }
}
impl metrique::CloseValue for &'_ Operation {
    type Closed = OperationValue;
    fn close(self) -> Self::Closed {
        macro_rules! __metrique_self_expr {
            () => {
                self
            };
        }
        #[allow(deprecated)]
        match __metrique_self_expr!() {
            Operation::Read => OperationValue::Read,
            Operation::Write => OperationValue::Write,
        }
    }
}
impl metrique::CloseValue for Operation {
    type Closed = OperationValue;
    fn close(self) -> Self::Closed {
        <&Self>::close(&self)
    }
}
impl ::std::convert::From<&'_ Operation> for &'static str {
    fn from(value: &Operation) -> Self {
        #[allow(deprecated)]
        match value {
            Operation::Read => "Read",
            Operation::Write => "Write",
        }
    }
}
impl ::std::convert::From<Operation> for &'static str {
    fn from(value: Operation) -> Self {
        <&str as ::std::convert::From<&_>>::from(&value)
    }
}
impl ::metrique::writer::core::SampleGroup for Operation {
    fn as_sample_group(&self) -> ::std::borrow::Cow<'static, str> {
        ::std::borrow::Cow::Borrowed(::std::convert::Into::<&str>::into(self))
    }
}

struct Metadata {
    operation: Operation,
    request_id: String,
}
#[doc(hidden)]
#[allow(clippy::type_complexity)]
pub struct MetadataEntry {
    #[deprecated(
        note = "these fields will become private in a future release. To introspect an entry, use `metrique::writer::test_util::test_entry`"
    )]
    #[doc(hidden)]
    operation: <Operation as metrique::CloseValue>::Closed,
    #[deprecated(
        note = "these fields will become private in a future release. To introspect an entry, use `metrique::writer::test_util::test_entry`"
    )]
    #[doc(hidden)]
    request_id: <String as metrique::CloseValue>::Closed,
}
const _: () = {
    impl MetadataEntry {
        #[doc(hidden)]
        #[inline(always)]
        fn __metrique_descriptor(
            __style: u8,
        ) -> &'static ::metrique::writer::core::EntryDescriptor {
            static __METRIQUE_TAGS_0: [::metrique::writer::core::FieldTag; 0usize] = [];
            static __METRIQUE_TAGS_1: [::metrique::writer::core::FieldTag; 0usize] = [];
            match __style {
                ::metrique::STYLE_PRESERVE => {
                    static __METRIQUE_FIELDS_PRESERVE: [::metrique::writer::core::FieldDescriptor; 2usize] = [
                        ::metrique::writer::core::FieldDescriptor::__metrique_private_new(
                            "operation",
                            &__METRIQUE_TAGS_0,
                            ::metrique::writer::core::FieldShape::Opaque,
                            None,
                        ),
                        ::metrique::writer::core::FieldDescriptor::__metrique_private_new(
                            "request_id",
                            &__METRIQUE_TAGS_1,
                            ::metrique::writer::core::FieldShape::Opaque,
                            None,
                        ),
                    ];
                    static __METRIQUE_DESC_PRESERVE: ::metrique::writer::core::EntryDescriptor = ::metrique::writer::core::EntryDescriptor::__metrique_private_new(
                        "Metadata",
                        &__METRIQUE_FIELDS_PRESERVE,
                        None,
                    );
                    &__METRIQUE_DESC_PRESERVE
                }
                ::metrique::STYLE_PASCAL => {
                    static __METRIQUE_FIELDS_PASCAL: [::metrique::writer::core::FieldDescriptor; 2usize] = [
                        ::metrique::writer::core::FieldDescriptor::__metrique_private_new(
                            "Operation",
                            &__METRIQUE_TAGS_0,
                            ::metrique::writer::core::FieldShape::Opaque,
                            None,
                        ),
                        ::metrique::writer::core::FieldDescriptor::__metrique_private_new(
                            "RequestId",
                            &__METRIQUE_TAGS_1,
                            ::metrique::writer::core::FieldShape::Opaque,
                            None,
                        ),
                    ];
                    static __METRIQUE_DESC_PASCAL: ::metrique::writer::core::EntryDescriptor = ::metrique::writer::core::EntryDescriptor::__metrique_private_new(
                        "Metadata",
                        &__METRIQUE_FIELDS_PASCAL,
                        None,
                    );
                    &__METRIQUE_DESC_PASCAL
                }
                ::metrique::STYLE_SNAKE => {
                    static __METRIQUE_FIELDS_SNAKE: [::metrique::writer::core::FieldDescriptor; 2usize] = [
                        ::metrique::writer::core::FieldDescriptor::__metrique_private_new(
                            "operation",
                            &__METRIQUE_TAGS_0,
                            ::metrique::writer::core::FieldShape::Opaque,
                            None,
                        ),
                        ::metrique::writer::core::FieldDescriptor::__metrique_private_new(
                            "request_id",
                            &__METRIQUE_TAGS_1,
                            ::metrique::writer::core::FieldShape::Opaque,
                            None,
                        ),
                    ];
                    static __METRIQUE_DESC_SNAKE: ::metrique::writer::core::EntryDescriptor = ::metrique::writer::core::EntryDescriptor::__metrique_private_new(
                        "Metadata",
                        &__METRIQUE_FIELDS_SNAKE,
                        None,
                    );
                    &__METRIQUE_DESC_SNAKE
                }
                ::metrique::STYLE_KEBAB => {
                    static __METRIQUE_FIELDS_KEBAB: [::metrique::writer::core::FieldDescriptor; 2usize] = [
                        ::metrique::writer::core::FieldDescriptor::__metrique_private_new(
                            "operation",
                            &__METRIQUE_TAGS_0,
                            ::metrique::writer::core::FieldShape::Opaque,
                            None,
                        ),
                        ::metrique::writer::core::FieldDescriptor::__metrique_private_new(
                            "request-id",
                            &__METRIQUE_TAGS_1,
                            ::metrique::writer::core::FieldShape::Opaque,
                            None,
                        ),
                    ];
                    static __METRIQUE_DESC_KEBAB: ::metrique::writer::core::EntryDescriptor = ::metrique::writer::core::EntryDescriptor::__metrique_private_new(
                        "Metadata",
                        &__METRIQUE_FIELDS_KEBAB,
                        None,
                    );
                    &__METRIQUE_DESC_KEBAB
                }
                _ => unreachable!("unknown descriptor style index"),
            }
        }
    }
    #[expect(deprecated)]
    impl<NS: ::metrique::NameStyle> ::metrique::InflectableEntry<NS> for MetadataEntry {
        fn write<'__metrique_write>(
            &'__metrique_write self,
            writer: &mut impl ::metrique::writer::EntryWriter<'__metrique_write>,
        ) {
            let __metrique_self = self;
            ::metrique::writer::EntryWriter::value(
                writer,
                {
                    struct OperationPreserve;
                    impl ::metrique::concat::ConstStr for OperationPreserve {
                        const VAL: &'static str = "operation";
                    }
                    struct OperationKebab;
                    impl ::metrique::concat::ConstStr for OperationKebab {
                        const VAL: &'static str = "operation";
                    }
                    struct OperationPascal;
                    impl ::metrique::concat::ConstStr for OperationPascal {
                        const VAL: &'static str = "Operation";
                    }
                    struct OperationSnake;
                    impl ::metrique::concat::ConstStr for OperationSnake {
                        const VAL: &'static str = "operation";
                    }
                    ::metrique::concat::const_str_value::<
                        <NS as ::metrique::NameStyle>::Inflect<
                            OperationPreserve,
                            OperationPascal,
                            OperationSnake,
                            OperationKebab,
                        >,
                    >()
                },
                &__metrique_self.operation,
            );
            ::metrique::writer::EntryWriter::value(
                writer,
                {
                    struct RequestIdPreserve;
                    impl ::metrique::concat::ConstStr for RequestIdPreserve {
                        const VAL: &'static str = "request_id";
                    }
                    struct RequestIdKebab;
                    impl ::metrique::concat::ConstStr for RequestIdKebab {
                        const VAL: &'static str = "request-id";
                    }
                    struct RequestIdPascal;
                    impl ::metrique::concat::ConstStr for RequestIdPascal {
                        const VAL: &'static str = "RequestId";
                    }
                    struct RequestIdSnake;
                    impl ::metrique::concat::ConstStr for RequestIdSnake {
                        const VAL: &'static str = "request_id";
                    }
                    ::metrique::concat::const_str_value::<
                        <NS as ::metrique::NameStyle>::Inflect<
                            RequestIdPreserve,
                            RequestIdPascal,
                            RequestIdSnake,
                            RequestIdKebab,
                        >,
                    >()
                },
                &__metrique_self.request_id,
            );
        }
        fn sample_group(
            &self,
        ) -> impl ::std::iter::Iterator<
            Item = (::std::borrow::Cow<'static, str>, ::std::borrow::Cow<'static, str>),
        > {
            let __metrique_self = self;
            {
                struct OperationPreserve;
                impl ::metrique::concat::ConstStr for OperationPreserve {
                    const VAL: &'static str = "operation";
                }
                struct OperationKebab;
                impl ::metrique::concat::ConstStr for OperationKebab {
                    const VAL: &'static str = "operation";
                }
                struct OperationPascal;
                impl ::metrique::concat::ConstStr for OperationPascal {
                    const VAL: &'static str = "Operation";
                }
                struct OperationSnake;
                impl ::metrique::concat::ConstStr for OperationSnake {
                    const VAL: &'static str = "operation";
                }
                ::std::iter::once((
                    ::metrique::concat::const_str_value::<
                        <NS as ::metrique::NameStyle>::Inflect<
                            OperationPreserve,
                            OperationPascal,
                            OperationSnake,
                            OperationKebab,
                        >,
                    >(),
                    ::metrique::writer::core::SampleGroup::as_sample_group(
                        &__metrique_self.operation,
                    ),
                ))
            }
        }
        fn descriptors(
            &self,
        ) -> impl ::std::iter::Iterator<
            Item = ::metrique::writer::core::DescriptorRef<'_>,
        > {
            ::std::iter::once(
                ::metrique::writer::core::DescriptorRef::from_static(
                    MetadataEntry::__metrique_descriptor(::metrique::STYLE_PRESERVE),
                ),
            )
        }
    }
};
impl metrique::CloseValue for &'_ Metadata {
    type Closed = MetadataEntry;
    fn close(self) -> Self::Closed {
        macro_rules! __metrique_self_expr {
            () => {
                self
            };
        }
        #[allow(deprecated)]
        MetadataEntry {
            operation: metrique::CloseValue::close(&__metrique_self_expr!().operation),
            request_id: metrique::CloseValue::close(&__metrique_self_expr!().request_id),
        }
    }
}
impl metrique::CloseValue for Metadata {
    type Closed = MetadataEntry;
    fn close(self) -> Self::Closed {
        <&Self>::close(&self)
    }
}

enum RequestResult {
    Success { operation: Operation, bytes: usize },
    Error { operation: Operation, error_code: u32 },
    Timeout(Metadata),
    Cancelled(Metadata, StatusEntry),
}
#[doc(hidden)]
pub enum RequestResultEntry {
    #[deprecated(
        note = "these fields will become private in a future release. To introspect an entry, use `metrique::writer::test_util::test_entry`"
    )]
    #[doc(hidden)]
    Success {
        #[deprecated(
            note = "these fields will become private in a future release. To introspect an entry, use `metrique::writer::test_util::test_entry`"
        )]
        #[doc(hidden)]
        operation: <Operation as metrique::CloseValue>::Closed,
        #[deprecated(
            note = "these fields will become private in a future release. To introspect an entry, use `metrique::writer::test_util::test_entry`"
        )]
        #[doc(hidden)]
        bytes: <usize as metrique::CloseValue>::Closed,
    },
    #[deprecated(
        note = "these fields will become private in a future release. To introspect an entry, use `metrique::writer::test_util::test_entry`"
    )]
    #[doc(hidden)]
    Error {
        #[deprecated(
            note = "these fields will become private in a future release. To introspect an entry, use `metrique::writer::test_util::test_entry`"
        )]
        #[doc(hidden)]
        operation: <Operation as metrique::CloseValue>::Closed,
        #[deprecated(
            note = "these fields will become private in a future release. To introspect an entry, use `metrique::writer::test_util::test_entry`"
        )]
        #[doc(hidden)]
        error_code: <u32 as metrique::CloseValue>::Closed,
    },
    #[deprecated(
        note = "these fields will become private in a future release. To introspect an entry, use `metrique::writer::test_util::test_entry`"
    )]
    #[doc(hidden)]
    Timeout(<Metadata as metrique::CloseValue>::Closed),
    #[deprecated(
        note = "these fields will become private in a future release. To introspect an entry, use `metrique::writer::test_util::test_entry`"
    )]
    #[doc(hidden)]
    Cancelled(<Metadata as metrique::CloseValue>::Closed, StatusEntry),
}
const _: () = {
    enum RequestResultEntrySampleGroupIter<V0, V1, V2, V3> {
        V0(V0),
        V1(V1),
        V2(V2),
        V3(V3),
    }
    impl<
        V0: ::std::iter::Iterator<
                Item = (
                    ::std::borrow::Cow<'static, str>,
                    ::std::borrow::Cow<'static, str>,
                ),
            >,
        V1: ::std::iter::Iterator<
                Item = (
                    ::std::borrow::Cow<'static, str>,
                    ::std::borrow::Cow<'static, str>,
                ),
            >,
        V2: ::std::iter::Iterator<
                Item = (
                    ::std::borrow::Cow<'static, str>,
                    ::std::borrow::Cow<'static, str>,
                ),
            >,
        V3: ::std::iter::Iterator<
                Item = (
                    ::std::borrow::Cow<'static, str>,
                    ::std::borrow::Cow<'static, str>,
                ),
            >,
    > ::std::iter::Iterator for RequestResultEntrySampleGroupIter<V0, V1, V2, V3> {
        type Item = (::std::borrow::Cow<'static, str>, ::std::borrow::Cow<'static, str>);
        fn next(&mut self) -> ::std::option::Option<Self::Item> {
            match self {
                RequestResultEntrySampleGroupIter::V0(iter) => iter.next(),
                RequestResultEntrySampleGroupIter::V1(iter) => iter.next(),
                RequestResultEntrySampleGroupIter::V2(iter) => iter.next(),
                RequestResultEntrySampleGroupIter::V3(iter) => iter.next(),
            }
        }
    }
    enum RequestResultEntryDescIter<'__metrique_lt, V0, V1, V2, V3> {
        V0(V0),
        V1(V1),
        V2(V2),
        V3(V3),
        __Phantom(::std::marker::PhantomData<&'__metrique_lt ()>),
    }
    impl<
        '__metrique_lt,
        V0: ::std::iter::Iterator<
                Item = ::metrique::writer::core::DescriptorRef<'__metrique_lt>,
            >,
        V1: ::std::iter::Iterator<
                Item = ::metrique::writer::core::DescriptorRef<'__metrique_lt>,
            >,
        V2: ::std::iter::Iterator<
                Item = ::metrique::writer::core::DescriptorRef<'__metrique_lt>,
            >,
        V3: ::std::iter::Iterator<
                Item = ::metrique::writer::core::DescriptorRef<'__metrique_lt>,
            >,
    > ::std::iter::Iterator
    for RequestResultEntryDescIter<'__metrique_lt, V0, V1, V2, V3> {
        type Item = ::metrique::writer::core::DescriptorRef<'__metrique_lt>;
        fn next(&mut self) -> ::std::option::Option<Self::Item> {
            match self {
                RequestResultEntryDescIter::V0(iter) => iter.next(),
                RequestResultEntryDescIter::V1(iter) => iter.next(),
                RequestResultEntryDescIter::V2(iter) => iter.next(),
                RequestResultEntryDescIter::V3(iter) => iter.next(),
                RequestResultEntryDescIter::__Phantom(_) => None,
            }
        }
    }
    #[expect(deprecated)]
    impl<NS: ::metrique::NameStyle> ::metrique::InflectableEntry<NS>
    for RequestResultEntry {
        fn write<'__metrique_write>(
            &'__metrique_write self,
            writer: &mut impl ::metrique::writer::EntryWriter<'__metrique_write>,
        ) {
            let __metrique_self = self;
            #[allow(deprecated)]
            match __metrique_self {
                RequestResultEntry::Success { operation, bytes } => {
                    ::metrique::writer::EntryWriter::value(
                        writer,
                        {
                            struct OperationPreserve;
                            impl ::metrique::concat::ConstStr for OperationPreserve {
                                const VAL: &'static str = "operation";
                            }
                            struct OperationKebab;
                            impl ::metrique::concat::ConstStr for OperationKebab {
                                const VAL: &'static str = "operation";
                            }
                            struct OperationPascal;
                            impl ::metrique::concat::ConstStr for OperationPascal {
                                const VAL: &'static str = "Operation";
                            }
                            struct OperationSnake;
                            impl ::metrique::concat::ConstStr for OperationSnake {
                                const VAL: &'static str = "operation";
                            }
                            ::metrique::concat::const_str_value::<
                                <NS as ::metrique::NameStyle>::Inflect<
                                    OperationPreserve,
                                    OperationPascal,
                                    OperationSnake,
                                    OperationKebab,
                                >,
                            >()
                        },
                        operation,
                    );
                    ::metrique::writer::EntryWriter::value(
                        writer,
                        {
                            struct BytesPreserve;
                            impl ::metrique::concat::ConstStr for BytesPreserve {
                                const VAL: &'static str = "bytes";
                            }
                            struct BytesKebab;
                            impl ::metrique::concat::ConstStr for BytesKebab {
                                const VAL: &'static str = "bytes";
                            }
                            struct BytesPascal;
                            impl ::metrique::concat::ConstStr for BytesPascal {
                                const VAL: &'static str = "Bytes";
                            }
                            struct BytesSnake;
                            impl ::metrique::concat::ConstStr for BytesSnake {
                                const VAL: &'static str = "bytes";
                            }
                            ::metrique::concat::const_str_value::<
                                <NS as ::metrique::NameStyle>::Inflect<
                                    BytesPreserve,
                                    BytesPascal,
                                    BytesSnake,
                                    BytesKebab,
                                >,
                            >()
                        },
                        bytes,
                    );
                }
                RequestResultEntry::Error { operation, error_code } => {
                    ::metrique::writer::EntryWriter::value(
                        writer,
                        {
                            struct OperationPreserve;
                            impl ::metrique::concat::ConstStr for OperationPreserve {
                                const VAL: &'static str = "operation";
                            }
                            struct OperationKebab;
                            impl ::metrique::concat::ConstStr for OperationKebab {
                                const VAL: &'static str = "operation";
                            }
                            struct OperationPascal;
                            impl ::metrique::concat::ConstStr for OperationPascal {
                                const VAL: &'static str = "Operation";
                            }
                            struct OperationSnake;
                            impl ::metrique::concat::ConstStr for OperationSnake {
                                const VAL: &'static str = "operation";
                            }
                            ::metrique::concat::const_str_value::<
                                <NS as ::metrique::NameStyle>::Inflect<
                                    OperationPreserve,
                                    OperationPascal,
                                    OperationSnake,
                                    OperationKebab,
                                >,
                            >()
                        },
                        operation,
                    );
                    ::metrique::writer::EntryWriter::value(
                        writer,
                        {
                            struct ErrorCodePreserve;
                            impl ::metrique::concat::ConstStr for ErrorCodePreserve {
                                const VAL: &'static str = "error_code";
                            }
                            struct ErrorCodeKebab;
                            impl ::metrique::concat::ConstStr for ErrorCodeKebab {
                                const VAL: &'static str = "error-code";
                            }
                            struct ErrorCodePascal;
                            impl ::metrique::concat::ConstStr for ErrorCodePascal {
                                const VAL: &'static str = "ErrorCode";
                            }
                            struct ErrorCodeSnake;
                            impl ::metrique::concat::ConstStr for ErrorCodeSnake {
                                const VAL: &'static str = "error_code";
                            }
                            ::metrique::concat::const_str_value::<
                                <NS as ::metrique::NameStyle>::Inflect<
                                    ErrorCodePreserve,
                                    ErrorCodePascal,
                                    ErrorCodeSnake,
                                    ErrorCodeKebab,
                                >,
                            >()
                        },
                        error_code,
                    );
                }
                RequestResultEntry::Timeout(v0) => {
                    ::metrique::InflectableEntry::<NS>::write(v0, writer);
                }
                RequestResultEntry::Cancelled(v0, v1) => {
                    ::metrique::InflectableEntry::<NS>::write(v0, writer);
                    ::metrique::writer::Entry::write(v1, writer);
                }
            }
        }
        fn sample_group(
            &self,
        ) -> impl ::std::iter::Iterator<
            Item = (::std::borrow::Cow<'static, str>, ::std::borrow::Cow<'static, str>),
        > {
            let __metrique_self = self;
            match __metrique_self {
                RequestResultEntry::Success { operation, .. } => {
                    RequestResultEntrySampleGroupIter::V0({
                        struct OperationPreserve;
                        impl ::metrique::concat::ConstStr for OperationPreserve {
                            const VAL: &'static str = "operation";
                        }
                        struct OperationKebab;
                        impl ::metrique::concat::ConstStr for OperationKebab {
                            const VAL: &'static str = "operation";
                        }
                        struct OperationPascal;
                        impl ::metrique::concat::ConstStr for OperationPascal {
                            const VAL: &'static str = "Operation";
                        }
                        struct OperationSnake;
                        impl ::metrique::concat::ConstStr for OperationSnake {
                            const VAL: &'static str = "operation";
                        }
                        ::std::iter::once((
                            ::metrique::concat::const_str_value::<
                                <NS as ::metrique::NameStyle>::Inflect<
                                    OperationPreserve,
                                    OperationPascal,
                                    OperationSnake,
                                    OperationKebab,
                                >,
                            >(),
                            ::metrique::writer::core::SampleGroup::as_sample_group(
                                operation,
                            ),
                        ))
                    })
                }
                RequestResultEntry::Error { operation, .. } => {
                    RequestResultEntrySampleGroupIter::V1({
                        struct OperationPreserve;
                        impl ::metrique::concat::ConstStr for OperationPreserve {
                            const VAL: &'static str = "operation";
                        }
                        struct OperationKebab;
                        impl ::metrique::concat::ConstStr for OperationKebab {
                            const VAL: &'static str = "operation";
                        }
                        struct OperationPascal;
                        impl ::metrique::concat::ConstStr for OperationPascal {
                            const VAL: &'static str = "Operation";
                        }
                        struct OperationSnake;
                        impl ::metrique::concat::ConstStr for OperationSnake {
                            const VAL: &'static str = "operation";
                        }
                        ::std::iter::once((
                            ::metrique::concat::const_str_value::<
                                <NS as ::metrique::NameStyle>::Inflect<
                                    OperationPreserve,
                                    OperationPascal,
                                    OperationSnake,
                                    OperationKebab,
                                >,
                            >(),
                            ::metrique::writer::core::SampleGroup::as_sample_group(
                                operation,
                            ),
                        ))
                    })
                }
                RequestResultEntry::Timeout(v0) => {
                    RequestResultEntrySampleGroupIter::V2(
                        ::metrique::InflectableEntry::<NS>::sample_group(v0),
                    )
                }
                RequestResultEntry::Cancelled(v0, v1) => {
                    RequestResultEntrySampleGroupIter::V3(
                        ::metrique::InflectableEntry::<NS>::sample_group(v0)
                            .chain(::metrique::writer::Entry::sample_group(v1)),
                    )
                }
            }
        }
        fn descriptors(
            &self,
        ) -> impl ::std::iter::Iterator<
            Item = ::metrique::writer::core::DescriptorRef<'_>,
        > {
            #[allow(deprecated)]
            match self {
                RequestResultEntry::Success { .. } => {
                    RequestResultEntryDescIter::V0({
                        static __METRIQUE_VTAGS_0_0: [::metrique::writer::core::FieldTag; 0usize] = [];
                        static __METRIQUE_VTAGS_0_1: [::metrique::writer::core::FieldTag; 0usize] = [];
                        static __METRIQUE_VFIELDS_0: [::metrique::writer::core::FieldDescriptor; 2usize] = [
                            ::metrique::writer::core::FieldDescriptor::__metrique_private_new(
                                "operation",
                                &__METRIQUE_VTAGS_0_0,
                                ::metrique::writer::core::FieldShape::Opaque,
                                None,
                            ),
                            ::metrique::writer::core::FieldDescriptor::__metrique_private_new(
                                "bytes",
                                &__METRIQUE_VTAGS_0_1,
                                ::metrique::writer::core::FieldShape::Opaque,
                                None,
                            ),
                        ];
                        static __METRIQUE_VDESC_0: ::metrique::writer::core::EntryDescriptor = ::metrique::writer::core::EntryDescriptor::__metrique_private_new(
                            "RequestResult::Success",
                            &__METRIQUE_VFIELDS_0,
                            None,
                        );
                        ::std::iter::once(
                            ::metrique::writer::core::DescriptorRef::from_static(
                                &__METRIQUE_VDESC_0,
                            ),
                        )
                    })
                }
                RequestResultEntry::Error { .. } => {
                    RequestResultEntryDescIter::V1({
                        static __METRIQUE_VTAGS_1_0: [::metrique::writer::core::FieldTag; 0usize] = [];
                        static __METRIQUE_VTAGS_1_1: [::metrique::writer::core::FieldTag; 0usize] = [];
                        static __METRIQUE_VFIELDS_1: [::metrique::writer::core::FieldDescriptor; 2usize] = [
                            ::metrique::writer::core::FieldDescriptor::__metrique_private_new(
                                "operation",
                                &__METRIQUE_VTAGS_1_0,
                                ::metrique::writer::core::FieldShape::Opaque,
                                None,
                            ),
                            ::metrique::writer::core::FieldDescriptor::__metrique_private_new(
                                "error_code",
                                &__METRIQUE_VTAGS_1_1,
                                ::metrique::writer::core::FieldShape::Opaque,
                                None,
                            ),
                        ];
                        static __METRIQUE_VDESC_1: ::metrique::writer::core::EntryDescriptor = ::metrique::writer::core::EntryDescriptor::__metrique_private_new(
                            "RequestResult::Error",
                            &__METRIQUE_VFIELDS_1,
                            None,
                        );
                        ::std::iter::once(
                            ::metrique::writer::core::DescriptorRef::from_static(
                                &__METRIQUE_VDESC_1,
                            ),
                        )
                    })
                }
                RequestResultEntry::Timeout(__v0) => {
                    RequestResultEntryDescIter::V2(
                        {
                            static __METRIQUE_VFIELDS_2: [::metrique::writer::core::FieldDescriptor; 0usize] = [];
                            static __METRIQUE_VDESC_2: ::metrique::writer::core::EntryDescriptor = ::metrique::writer::core::EntryDescriptor::__metrique_private_new(
                                "RequestResult::Timeout",
                                &__METRIQUE_VFIELDS_2,
                                None,
                            );
                            ::std::iter::once(
                                ::metrique::writer::core::DescriptorRef::from_static(
                                    &__METRIQUE_VDESC_2,
                                ),
                            )
                        }
                            .chain(::metrique::InflectableEntry::<NS>::descriptors(__v0)),
                    )
                }
                RequestResultEntry::Cancelled(__v0, __v1) => {
                    RequestResultEntryDescIter::V3(
                        {
                            static __METRIQUE_VFIELDS_3: [::metrique::writer::core::FieldDescriptor; 0usize] = [];
                            static __METRIQUE_VDESC_3: ::metrique::writer::core::EntryDescriptor = ::metrique::writer::core::EntryDescriptor::__metrique_private_new(
                                "RequestResult::Cancelled",
                                &__METRIQUE_VFIELDS_3,
                                None,
                            );
                            ::std::iter::once(
                                ::metrique::writer::core::DescriptorRef::from_static(
                                    &__METRIQUE_VDESC_3,
                                ),
                            )
                        }
                            .chain(
                                ::metrique::InflectableEntry::<NS>::descriptors(__v0)
                                    .chain(::metrique::writer::Entry::descriptors(__v1)),
                            ),
                    )
                }
            }
        }
    }
};
impl metrique::CloseValue for RequestResult {
    type Closed = RequestResultEntry;
    fn close(self) -> Self::Closed {
        macro_rules! __metrique_self_expr {
            () => {
                self
            };
        }
        #[allow(deprecated)]
        match __metrique_self_expr!() {
            RequestResult::Success { operation, bytes } => {
                RequestResultEntry::Success {
                    operation: metrique::CloseValue::close(operation),
                    bytes: metrique::CloseValue::close(bytes),
                }
            }
            RequestResult::Error { operation, error_code } => {
                RequestResultEntry::Error {
                    operation: metrique::CloseValue::close(operation),
                    error_code: metrique::CloseValue::close(error_code),
                }
            }
            RequestResult::Timeout(v0) => {
                RequestResultEntry::Timeout(::metrique::CloseValue::close(v0))
            }
            RequestResult::Cancelled(v0, v1) => {
                RequestResultEntry::Cancelled(::metrique::CloseValue::close(v0), v1)
            }
        }
    }
}
impl ::std::convert::From<&'_ RequestResult> for &'static str {
    fn from(value: &RequestResult) -> Self {
        #[allow(deprecated)]
        match value {
            RequestResult::Success { .. } => "Success",
            RequestResult::Error { .. } => "Error",
            RequestResult::Timeout(_) => "Timeout",
            RequestResult::Cancelled(_, _) => "Cancelled",
        }
    }
}
impl ::std::convert::From<RequestResult> for &'static str {
    fn from(value: RequestResult) -> Self {
        <&str as ::std::convert::From<&_>>::from(&value)
    }
}
impl ::metrique::writer::core::SampleGroup for RequestResult {
    fn as_sample_group(&self) -> ::std::borrow::Cow<'static, str> {
        ::std::borrow::Cow::Borrowed(::std::convert::Into::<&str>::into(self))
    }
}
#[doc = concat!(
    "Metrics guard returned from [`", "RequestResult",
    "::append_on_drop`], closes the entry and appends the metrics to a sink when dropped."
)]
type RequestResultGuard<Q = ::metrique::DefaultSink> = ::metrique::AppendAndCloseOnDrop<
    RequestResult,
    Q,
>;
#[doc = concat!(
    "Metrics handle returned from [`", "RequestResultGuard",
    "::handle`], similar to an `Arc<", "RequestResultGuard", ">`."
)]
type RequestResultHandle<Q = ::metrique::DefaultSink> = ::metrique::AppendAndCloseOnDropHandle<
    RequestResult,
    Q,
>;
impl RequestResult {
    ///Creates an AppendAndCloseOnDrop that will be automatically appended to `sink` on drop.
    fn append_on_drop<
        Q: ::metrique::writer::EntrySink<::metrique::RootEntry<RequestResultEntry>>
            + Send + Sync + 'static,
    >(self, sink: Q) -> RequestResultGuard<Q> {
        ::metrique::append_and_close(self, sink)
    }
}
