---
source: metrique-macro/src/lib.rs
expression: parsed_file
---
struct Nested {
    value: u32,
}
#[doc(hidden)]
struct NestedEntry {
    #[deprecated(
        note = "these fields will become private in a future release. To introspect an entry, use `metrique::writer::test_util::test_entry`"
    )]
    #[doc(hidden)]
    value: <u32 as metrique::CloseValue>::Closed,
}
const _: () = {
    #[expect(deprecated)]
    impl<NS: ::metrique::NameStyle> ::metrique::InflectableEntry<NS> for NestedEntry {
        fn write<'a>(&'a self, writer: &mut impl ::metrique::writer::EntryWriter<'a>) {
            ::metrique::writer::EntryWriter::value(
                writer,
                {
                    #[allow(non_camel_case_types)]
                    struct valuePreserve;
                    impl ::metrique::concat::ConstStr for valuePreserve {
                        const VAL: &'static str = "value";
                    }
                    #[allow(non_camel_case_types)]
                    struct valueKebab;
                    impl ::metrique::concat::ConstStr for valueKebab {
                        const VAL: &'static str = "value";
                    }
                    #[allow(non_camel_case_types)]
                    struct valuePascal;
                    impl ::metrique::concat::ConstStr for valuePascal {
                        const VAL: &'static str = "Value";
                    }
                    #[allow(non_camel_case_types)]
                    struct valueSnake;
                    impl ::metrique::concat::ConstStr for valueSnake {
                        const VAL: &'static str = "value";
                    }
                    ::metrique::concat::const_str_value::<
                        <NS as ::metrique::NameStyle>::Inflect<
                            valuePreserve,
                            valuePascal,
                            valueSnake,
                            valueKebab,
                        >,
                    >()
                },
                &self.value,
            );
        }
        fn sample_group(
            &self,
        ) -> impl ::std::iter::Iterator<
            Item = (::std::borrow::Cow<'static, str>, ::std::borrow::Cow<'static, str>),
        > {
            ::std::iter::empty()
        }
    }
};
impl metrique::CloseValue for &'_ Nested {
    type Closed = NestedEntry;
    fn close(self) -> Self::Closed {
        #[allow(deprecated)]
        NestedEntry {
            value: metrique::CloseValue::close(&self.value),
        }
    }
}
impl metrique::CloseValue for Nested {
    type Closed = NestedEntry;
    fn close(self) -> Self::Closed {
        <&Self>::close(&self)
    }
}

enum Status {
    Active { count: u32, latency: u64 },
    Pending(Nested),
}
#[doc(hidden)]
enum StatusEntry {
    #[deprecated(
        note = "these fields will become private in a future release. To introspect an entry, use `metrique::writer::test_util::test_entry`"
    )]
    #[doc(hidden)]
    Active {
        #[deprecated(
            note = "these fields will become private in a future release. To introspect an entry, use `metrique::writer::test_util::test_entry`"
        )]
        #[doc(hidden)]
        count: <u32 as metrique::CloseValue>::Closed,
        #[deprecated(
            note = "these fields will become private in a future release. To introspect an entry, use `metrique::writer::test_util::test_entry`"
        )]
        #[doc(hidden)]
        latency: <<u64 as metrique::CloseValue>::Closed as ::metrique::unit::AttachUnit>::Output<
            metrique::writer::unit::Millisecond,
        >,
    },
    #[deprecated(
        note = "these fields will become private in a future release. To introspect an entry, use `metrique::writer::test_util::test_entry`"
    )]
    #[doc(hidden)]
    Pending(<Nested as metrique::CloseValue>::Closed),
}
const _: () = {
    #[expect(deprecated)]
    impl<NS: ::metrique::NameStyle> ::metrique::InflectableEntry<NS> for StatusEntry {
        fn write<'a>(&'a self, writer: &mut impl ::metrique::writer::EntryWriter<'a>) {
            #[allow(deprecated)]
            match self {
                StatusEntry::Active { count, latency } => {
                    ::metrique::writer::EntryWriter::value(
                        writer,
                        {
                            #[allow(non_camel_case_types)]
                            struct countPreserve;
                            impl ::metrique::concat::ConstStr for countPreserve {
                                const VAL: &'static str = "count";
                            }
                            #[allow(non_camel_case_types)]
                            struct countKebab;
                            impl ::metrique::concat::ConstStr for countKebab {
                                const VAL: &'static str = "count";
                            }
                            #[allow(non_camel_case_types)]
                            struct countPascal;
                            impl ::metrique::concat::ConstStr for countPascal {
                                const VAL: &'static str = "Count";
                            }
                            #[allow(non_camel_case_types)]
                            struct countSnake;
                            impl ::metrique::concat::ConstStr for countSnake {
                                const VAL: &'static str = "count";
                            }
                            ::metrique::concat::const_str_value::<
                                <NS as ::metrique::NameStyle>::Inflect<
                                    countPreserve,
                                    countPascal,
                                    countSnake,
                                    countKebab,
                                >,
                            >()
                        },
                        count,
                    );
                    ::metrique::writer::EntryWriter::value(
                        writer,
                        {
                            #[allow(non_camel_case_types)]
                            struct latencyPreserve;
                            impl ::metrique::concat::ConstStr for latencyPreserve {
                                const VAL: &'static str = "latency";
                            }
                            #[allow(non_camel_case_types)]
                            struct latencyKebab;
                            impl ::metrique::concat::ConstStr for latencyKebab {
                                const VAL: &'static str = "latency";
                            }
                            #[allow(non_camel_case_types)]
                            struct latencyPascal;
                            impl ::metrique::concat::ConstStr for latencyPascal {
                                const VAL: &'static str = "Latency";
                            }
                            #[allow(non_camel_case_types)]
                            struct latencySnake;
                            impl ::metrique::concat::ConstStr for latencySnake {
                                const VAL: &'static str = "latency";
                            }
                            ::metrique::concat::const_str_value::<
                                <NS as ::metrique::NameStyle>::Inflect<
                                    latencyPreserve,
                                    latencyPascal,
                                    latencySnake,
                                    latencyKebab,
                                >,
                            >()
                        },
                        latency,
                    );
                }
                StatusEntry::Pending(v) => {
                    ::metrique::InflectableEntry::<NS>::write(v, writer);
                }
            }
        }
        fn sample_group(
            &self,
        ) -> impl ::std::iter::Iterator<
            Item = (::std::borrow::Cow<'static, str>, ::std::borrow::Cow<'static, str>),
        > {
            ::std::iter::empty()
        }
    }
};
impl metrique::CloseValue for &'_ Status {
    type Closed = StatusEntry;
    fn close(self) -> Self::Closed {
        #[allow(deprecated)]
        match self {
            Status::Active { count, latency } => {
                StatusEntry::Active {
                    count: metrique::CloseValue::close(count),
                    latency: metrique::CloseValue::close(latency).into(),
                }
            }
            Status::Pending(v) => StatusEntry::Pending(::metrique::CloseValue::close(v)),
        }
    }
}
impl metrique::CloseValue for Status {
    type Closed = StatusEntry;
    fn close(self) -> Self::Closed {
        <&Self>::close(&self)
    }
}
impl ::std::convert::From<&'_ Status> for &'static str {
    fn from(value: &Status) -> Self {
        #[allow(deprecated)]
        match value {
            Status::Active { .. } => "Active",
            Status::Pending(_) => "Pending",
        }
    }
}
impl ::std::convert::From<Status> for &'static str {
    fn from(value: Status) -> Self {
        <&str as ::std::convert::From<&_>>::from(&value)
    }
}
impl ::metrique::writer::core::SampleGroup for Status {
    fn as_sample_group(&self) -> ::std::borrow::Cow<'static, str> {
        ::std::borrow::Cow::Borrowed(::std::convert::Into::<&str>::into(self))
    }
}

enum Operation {
    Read { bytes: u64 },
    Write(Nested),
}
#[doc(hidden)]
enum OperationEntry {
    #[deprecated(
        note = "these fields will become private in a future release. To introspect an entry, use `metrique::writer::test_util::test_entry`"
    )]
    #[doc(hidden)]
    Read {
        #[deprecated(
            note = "these fields will become private in a future release. To introspect an entry, use `metrique::writer::test_util::test_entry`"
        )]
        #[doc(hidden)]
        bytes: <u64 as metrique::CloseValue>::Closed,
    },
    #[deprecated(
        note = "these fields will become private in a future release. To introspect an entry, use `metrique::writer::test_util::test_entry`"
    )]
    #[doc(hidden)]
    Write(<Nested as metrique::CloseValue>::Closed),
}
const _: () = {
    #[expect(deprecated)]
    impl<NS: ::metrique::NameStyle> ::metrique::InflectableEntry<NS> for OperationEntry {
        fn write<'a>(&'a self, writer: &mut impl ::metrique::writer::EntryWriter<'a>) {
            #[allow(deprecated)]
            match self {
                OperationEntry::Read { bytes } => {
                    ::metrique::writer::EntryWriter::value(
                        writer,
                        {
                            #[allow(non_camel_case_types)]
                            struct bytesPreserve;
                            impl ::metrique::concat::ConstStr for bytesPreserve {
                                const VAL: &'static str = "bytes";
                            }
                            #[allow(non_camel_case_types)]
                            struct bytesKebab;
                            impl ::metrique::concat::ConstStr for bytesKebab {
                                const VAL: &'static str = "bytes";
                            }
                            #[allow(non_camel_case_types)]
                            struct bytesPascal;
                            impl ::metrique::concat::ConstStr for bytesPascal {
                                const VAL: &'static str = "Bytes";
                            }
                            #[allow(non_camel_case_types)]
                            struct bytesSnake;
                            impl ::metrique::concat::ConstStr for bytesSnake {
                                const VAL: &'static str = "bytes";
                            }
                            ::metrique::concat::const_str_value::<
                                <NS as ::metrique::NameStyle>::Inflect<
                                    bytesPreserve,
                                    bytesPascal,
                                    bytesSnake,
                                    bytesKebab,
                                >,
                            >()
                        },
                        bytes,
                    );
                }
                OperationEntry::Write(v) => {
                    ::metrique::InflectableEntry::<NS>::write(v, writer);
                }
            }
        }
        fn sample_group(
            &self,
        ) -> impl ::std::iter::Iterator<
            Item = (::std::borrow::Cow<'static, str>, ::std::borrow::Cow<'static, str>),
        > {
            ::std::iter::empty()
        }
    }
};
impl metrique::CloseValue for Operation {
    type Closed = OperationEntry;
    fn close(self) -> Self::Closed {
        #[allow(deprecated)]
        match self {
            Operation::Read { bytes } => {
                OperationEntry::Read {
                    bytes: metrique::CloseValue::close(bytes),
                }
            }
            Operation::Write(v) => {
                OperationEntry::Write(::metrique::CloseValue::close(v))
            }
        }
    }
}
impl ::std::convert::From<&'_ Operation> for &'static str {
    fn from(value: &Operation) -> Self {
        #[allow(deprecated)]
        match value {
            Operation::Read { .. } => "Read",
            Operation::Write(_) => "Write",
        }
    }
}
impl ::std::convert::From<Operation> for &'static str {
    fn from(value: Operation) -> Self {
        <&str as ::std::convert::From<&_>>::from(&value)
    }
}
impl ::metrique::writer::core::SampleGroup for Operation {
    fn as_sample_group(&self) -> ::std::borrow::Cow<'static, str> {
        ::std::borrow::Cow::Borrowed(::std::convert::Into::<&str>::into(self))
    }
}
#[doc = concat!(
    "Metrics guard returned from [`", "Operation",
    "::append_on_drop`], closes the entry and appends the metrics to a sink when dropped."
)]
type OperationGuard<Q = ::metrique::DefaultSink> = ::metrique::AppendAndCloseOnDrop<
    Operation,
    Q,
>;
#[doc = concat!(
    "Metrics handle returned from [`", "OperationGuard",
    "::handle`], similar to an `Arc<", "OperationGuard", ">`."
)]
type OperationHandle<Q = ::metrique::DefaultSink> = ::metrique::AppendAndCloseOnDropHandle<
    Operation,
    Q,
>;
impl Operation {
    ///Creates an AppendAndCloseOnDrop that will be automatically appended to `sink` on drop.
    fn append_on_drop<
        Q: ::metrique::writer::EntrySink<::metrique::RootEntry<OperationEntry>> + Send
            + Sync + 'static,
    >(self, sink: Q) -> OperationGuard<Q> {
        ::metrique::append_and_close(self, sink)
    }
}
