---
source: metrique-macro/src/lib.rs
expression: parsed_file
---
struct RequestMetrics {
    nested: NestedMetrics,
    operation: &'static str,
}
#[doc(hidden)]
#[allow(clippy::type_complexity)]
pub struct RequestMetricsEntry {
    #[deprecated(
        note = "these fields will become private in a future release. To introspect an entry, use `metrique::writer::test_util::test_entry`"
    )]
    #[doc(hidden)]
    nested: <NestedMetrics as metrique::CloseValue>::Closed,
    #[deprecated(
        note = "these fields will become private in a future release. To introspect an entry, use `metrique::writer::test_util::test_entry`"
    )]
    #[doc(hidden)]
    operation: <&'static str as metrique::CloseValue>::Closed,
}
const _: () = {
    impl RequestMetricsEntry {
        #[doc(hidden)]
        #[inline(always)]
        fn __metrique_descriptor(
            __style: u8,
        ) -> &'static ::metrique::writer::core::EntryDescriptor {
            static __METRIQUE_TAGS_0: [::metrique::writer::core::FieldTag; 0usize] = [];
            match __style {
                ::metrique::STYLE_PRESERVE => {
                    static __METRIQUE_FIELDS_PRESERVE: [::metrique::writer::core::FieldDescriptor; 1usize] = [
                        ::metrique::writer::core::FieldDescriptor::__metrique_private_new(
                            "operation",
                            &__METRIQUE_TAGS_0,
                            ::metrique::writer::core::FieldShape::Opaque,
                            None,
                        ),
                    ];
                    static __METRIQUE_DESC_PRESERVE: ::metrique::writer::core::EntryDescriptor = ::metrique::writer::core::EntryDescriptor::__metrique_private_new(
                        "RequestMetrics",
                        &__METRIQUE_FIELDS_PRESERVE,
                        None,
                    );
                    &__METRIQUE_DESC_PRESERVE
                }
                ::metrique::STYLE_PASCAL => {
                    static __METRIQUE_FIELDS_PASCAL: [::metrique::writer::core::FieldDescriptor; 1usize] = [
                        ::metrique::writer::core::FieldDescriptor::__metrique_private_new(
                            "Operation",
                            &__METRIQUE_TAGS_0,
                            ::metrique::writer::core::FieldShape::Opaque,
                            None,
                        ),
                    ];
                    static __METRIQUE_DESC_PASCAL: ::metrique::writer::core::EntryDescriptor = ::metrique::writer::core::EntryDescriptor::__metrique_private_new(
                        "RequestMetrics",
                        &__METRIQUE_FIELDS_PASCAL,
                        None,
                    );
                    &__METRIQUE_DESC_PASCAL
                }
                ::metrique::STYLE_SNAKE => {
                    static __METRIQUE_FIELDS_SNAKE: [::metrique::writer::core::FieldDescriptor; 1usize] = [
                        ::metrique::writer::core::FieldDescriptor::__metrique_private_new(
                            "operation",
                            &__METRIQUE_TAGS_0,
                            ::metrique::writer::core::FieldShape::Opaque,
                            None,
                        ),
                    ];
                    static __METRIQUE_DESC_SNAKE: ::metrique::writer::core::EntryDescriptor = ::metrique::writer::core::EntryDescriptor::__metrique_private_new(
                        "RequestMetrics",
                        &__METRIQUE_FIELDS_SNAKE,
                        None,
                    );
                    &__METRIQUE_DESC_SNAKE
                }
                ::metrique::STYLE_KEBAB => {
                    static __METRIQUE_FIELDS_KEBAB: [::metrique::writer::core::FieldDescriptor; 1usize] = [
                        ::metrique::writer::core::FieldDescriptor::__metrique_private_new(
                            "operation",
                            &__METRIQUE_TAGS_0,
                            ::metrique::writer::core::FieldShape::Opaque,
                            None,
                        ),
                    ];
                    static __METRIQUE_DESC_KEBAB: ::metrique::writer::core::EntryDescriptor = ::metrique::writer::core::EntryDescriptor::__metrique_private_new(
                        "RequestMetrics",
                        &__METRIQUE_FIELDS_KEBAB,
                        None,
                    );
                    &__METRIQUE_DESC_KEBAB
                }
                _ => unreachable!("unknown descriptor style index"),
            }
        }
    }
    #[expect(deprecated)]
    impl<NS: ::metrique::NameStyle> ::metrique::InflectableEntry<NS>
    for RequestMetricsEntry {
        fn write<'__metrique_write>(
            &'__metrique_write self,
            writer: &mut impl ::metrique::writer::EntryWriter<'__metrique_write>,
        ) {
            let __metrique_self = self;
            struct ApiPreserve;
            impl ::metrique::concat::ConstStr for ApiPreserve {
                const VAL: &'static str = "api_";
            }
            struct ApiKebab;
            impl ::metrique::concat::ConstStr for ApiKebab {
                const VAL: &'static str = "api-";
            }
            struct ApiPascal;
            impl ::metrique::concat::ConstStr for ApiPascal {
                const VAL: &'static str = "Api";
            }
            struct ApiSnake;
            impl ::metrique::concat::ConstStr for ApiSnake {
                const VAL: &'static str = "api_";
            }
            ::metrique::InflectableEntry::<
                <NS as ::metrique::NameStyle>::AppendPrefix<
                    <NS as ::metrique::NameStyle>::InflectAffix<
                        ApiPreserve,
                        ApiPascal,
                        ApiSnake,
                        ApiKebab,
                    >,
                >,
            >::write(&__metrique_self.nested, writer);
            ::metrique::writer::EntryWriter::value(
                writer,
                {
                    struct OperationPreserve;
                    impl ::metrique::concat::ConstStr for OperationPreserve {
                        const VAL: &'static str = "operation";
                    }
                    struct OperationKebab;
                    impl ::metrique::concat::ConstStr for OperationKebab {
                        const VAL: &'static str = "operation";
                    }
                    struct OperationPascal;
                    impl ::metrique::concat::ConstStr for OperationPascal {
                        const VAL: &'static str = "Operation";
                    }
                    struct OperationSnake;
                    impl ::metrique::concat::ConstStr for OperationSnake {
                        const VAL: &'static str = "operation";
                    }
                    ::metrique::concat::const_str_value::<
                        <NS as ::metrique::NameStyle>::Inflect<
                            OperationPreserve,
                            OperationPascal,
                            OperationSnake,
                            OperationKebab,
                        >,
                    >()
                },
                &__metrique_self.operation,
            );
        }
        fn sample_group(
            &self,
        ) -> impl ::std::iter::Iterator<
            Item = (::std::borrow::Cow<'static, str>, ::std::borrow::Cow<'static, str>),
        > {
            let __metrique_self = self;
            ::metrique::InflectableEntry::<NS>::sample_group(&__metrique_self.nested)
        }
        fn descriptors(
            &self,
        ) -> impl ::std::iter::Iterator<
            Item = ::metrique::writer::core::DescriptorRef<'_>,
        > {
            ::std::iter::once(
                    ::metrique::writer::core::DescriptorRef::from_static(
                        RequestMetricsEntry::__metrique_descriptor(
                            ::metrique::STYLE_PRESERVE,
                        ),
                    ),
                )
                .chain(
                    ::metrique::InflectableEntry::<NS>::descriptors(&self.nested)
                        .map(|d| d.with_prefix("api_")),
                )
        }
    }
};
impl metrique::CloseValue for RequestMetrics {
    type Closed = RequestMetricsEntry;
    fn close(self) -> Self::Closed {
        macro_rules! __metrique_self_expr {
            () => {
                self
            };
        }
        #[allow(deprecated)]
        RequestMetricsEntry {
            nested: metrique::CloseValue::close(__metrique_self_expr!().nested),
            operation: metrique::CloseValue::close(__metrique_self_expr!().operation),
        }
    }
}
#[doc = concat!(
    "Metrics guard returned from [`", "RequestMetrics",
    "::append_on_drop`], closes the entry and appends the metrics to a sink when dropped."
)]
type RequestMetricsGuard<Q = ::metrique::DefaultSink> = ::metrique::AppendAndCloseOnDrop<
    RequestMetrics,
    Q,
>;
#[doc = concat!(
    "Metrics handle returned from [`", "RequestMetricsGuard",
    "::handle`], similar to an `Arc<", "RequestMetricsGuard", ">`."
)]
type RequestMetricsHandle<Q = ::metrique::DefaultSink> = ::metrique::AppendAndCloseOnDropHandle<
    RequestMetrics,
    Q,
>;
impl RequestMetrics {
    ///Creates an AppendAndCloseOnDrop that will be automatically appended to `sink` on drop.
    fn append_on_drop<
        Q: ::metrique::writer::EntrySink<::metrique::RootEntry<RequestMetricsEntry>>
            + Send + Sync + 'static,
    >(self, sink: Q) -> RequestMetricsGuard<Q> {
        ::metrique::append_and_close(self, sink)
    }
}
